Willie Nelson	int() argument must be a string or a number, not 'NoneType'
The Coasters	int() argument must be a string or a number, not 'NoneType'
Donna Summer	Malformed response from Last.fm. Underlying error: ''
Luther Vandross	int() argument must be a string or a number, not 'NoneType'
Black Sabbath	int() argument must be a string or a number, not 'NoneType'
Jackie Wilson	int() argument must be a string or a number, not 'NoneType'
Van Halen	int() argument must be a string or a number, not 'NoneType'
	The artist you supplied could not be found
Nelly Furtado	int() argument must be a string or a number, not 'NoneType'
Neil Young	int() argument must be a string or a number, not 'NoneType'
The Shins	int() argument must be a string or a number, not 'NoneType'
Gorillaz	int() argument must be a string or a number, not 'NoneType'
PJ Harvey	int() argument must be a string or a number, not 'NoneType'
Fats DOomino	The artist you supplied could not be found
Ella Fitzgerald	int() argument must be a string or a number, not 'NoneType'
Lil' Kim	int() argument must be a string or a number, not 'NoneType'
	The artist you supplied could not be found
Curtis Mayfield	int() argument must be a string or a number, not 'NoneType'
Yardbirds	Malformed response from Last.fm. Underlying error: ''
	The artist you supplied could not be found
Fats DOomino	The artist you supplied could not be found
	The artist you supplied could not be found
