Willie Nelson	int() argument must be a string or a number, not 'NoneType'
The Coasters	int() argument must be a string or a number, not 'NoneType'
Luther Vandross	int() argument must be a string or a number, not 'NoneType'
Black Sabbath	int() argument must be a string or a number, not 'NoneType'
Jackie Wilson	int() argument must be a string or a number, not 'NoneType'
Van Halen	int() argument must be a string or a number, not 'NoneType'
	The artist you supplied could not be found
Nelly Furtado	int() argument must be a string or a number, not 'NoneType'
Neil Young	int() argument must be a string or a number, not 'NoneType'
The Shins	int() argument must be a string or a number, not 'NoneType'
Gorillaz	int() argument must be a string or a number, not 'NoneType'
Fats DOomino	The artist you supplied could not be found
Ella Fitzgerald	int() argument must be a string or a number, not 'NoneType'
Lil' Kim	int() argument must be a string or a number, not 'NoneType'
The Eagles	Server error - please try that again
	The artist you supplied could not be found
Curtis Mayfield	int() argument must be a string or a number, not 'NoneType'
	The artist you supplied could not be found
Fats DOomino	The artist you supplied could not be found
The White Stripes	Malformed response from Last.fm. Underlying error: ''
	The artist you supplied could not be found
Carl Perkins	Malformed response from Last.fm. Underlying error: ''
